// Jest Snapshot v1, https://goo.gl/fbAQLP

exports[`should remove attributes 1`] = `
<div
  id="div1"
>
  div1
</div>
`;
